[harness.dump] magic effects resolved: 2808 spells, 13024 NPCs, 0 auto-calculated NPCs hold 0 spells, nothing applied
[harness.dump] loading save 'quiksave.ess'
[harness.dump] loaded, new game false, cell Vas
[harness.dump] water: god mode on at load; player at 5874 185035 990, health 13, swimming false
[harness.dump] water: 2 water pieces left in the save by earlier runs removed
[harness.dump] step 1 of 71: god mode on, clear noon
[harness.dump] step 2 of 71: warm-up: travel to Balmora
[harness.dump] step 3 of 71: warm-up: travel to Vivec
[harness.dump] step 4 of 71: warm-up: travel to Narsis
[harness.dump] step 5 of 71: warm-up: travel to Ald-ruhn
[harness.dump] step 6 of 71: as it is: travel to Balmora
[harness.dump] step 7 of 71: as it is: the buildings of Balmora
[harness.dump] OBSERVED as it is, Balmora: cell -3,-2 of 4 named cells; 368 buildings of 65 kinds, 1158 shapes, 93411 triangles; arriving took 133 ms; player on open ground at -20280 -12288 152
[harness.dump] step 8 of 71: as it is: measure Balmora
[harness.dump] step 9 of 71: as it is: report Balmora
[harness.dump] MEASURED as it is, Balmora, seen from the air: frame 7.02 ms mean (143 per second), 14.26 ms max over 854 frames; simulation 1.750 ms mean, 4.706 ms max; engine query for the player 395 ns
[harness.dump] step 10 of 71: photograph: Balmora as it is
[harness.dump] screenshot C:/tmp/pondwater/cities/2026-10-04 cities 01 Balmora 1 as it is.jpg
[harness.dump] step 11 of 71: as it is: travel to Vivec
[harness.dump] step 12 of 71: as it is: the buildings of Vivec
[harness.dump] OBSERVED as it is, Vivec: cell 3,-11 of 15 named cells; 357 buildings of 38 kinds, 2375 shapes, 209857 triangles; arriving took 275 ms; player on the top of a building at 28672 -86016 3236
[harness.dump] step 13 of 71: as it is: measure Vivec
[harness.dump] step 14 of 71: as it is: report Vivec
[harness.dump] MEASURED as it is, Vivec, seen from the air: frame 6.94 ms mean (144 per second), 11.79 ms max over 863 frames; simulation 1.378 ms mean, 4.466 ms max; engine query for the player 389 ns
[harness.dump] step 15 of 71: photograph: Vivec as it is
[harness.dump] screenshot C:/tmp/pondwater/cities/2026-10-04 cities 02 Vivec 1 as it is.jpg
[harness.dump] step 16 of 71: as it is: travel to Narsis
[harness.dump] step 17 of 71: as it is: the buildings of Narsis
[harness.dump] OBSERVED as it is, Narsis: cell 6,-51 of 9 named cells; 1374 buildings of 210 kinds, 5822 shapes, 549954 triangles; arriving took 2965 ms; player on open ground at 53248 -413696 1680
[harness.dump] step 18 of 71: as it is: measure Narsis
[harness.dump] step 19 of 71: as it is: report Narsis
[harness.dump] MEASURED as it is, Narsis, seen from the air: frame 15.41 ms mean (65 per second), 42.71 ms max over 389 frames; simulation 6.716 ms mean, 11.364 ms max; engine query for the player 392 ns
[harness.dump] step 20 of 71: photograph: Narsis as it is
[harness.dump] screenshot C:/tmp/pondwater/cities/2026-10-04 cities 03 Narsis 1 as it is.jpg
[harness.dump] step 21 of 71: as it is: travel to Ald-ruhn
[harness.dump] step 22 of 71: as it is: the buildings of Ald-ruhn
[harness.dump] OBSERVED as it is, Ald-ruhn: cell -2,6 of 3 named cells; 214 buildings of 61 kinds, 845 shapes, 81142 triangles; arriving took 142 ms; player on open ground at -12288 53248 2320
[harness.dump] step 23 of 71: as it is: measure Ald-ruhn
[harness.dump] step 24 of 71: as it is: report Ald-ruhn
[harness.dump] MEASURED as it is, Ald-ruhn, seen from the air: frame 7.24 ms mean (138 per second), 16.23 ms max over 828 frames; simulation 1.910 ms mean, 6.443 ms max; engine query for the player 389 ns
[harness.dump] step 25 of 71: photograph: Ald-ruhn as it is
[harness.dump] screenshot C:/tmp/pondwater/cities/2026-10-04 cities 04 Ald-ruhn 1 as it is.jpg
[harness.dump] step 26 of 71: every building of the game becomes water
[harness.dump] OBSERVED registered: 6129 static objects as water, depth 256
[harness.dump] step 27 of 71: as water: travel to Balmora
[harness.dump] step 28 of 71: as water: the buildings of Balmora
[harness.dump] OBSERVED as water, Balmora: cell -3,-2 of 4 named cells; 368 buildings of 65 kinds, 1158 shapes, 93411 triangles; arriving took 209 ms; player on open ground at -20280 -12288 152
[harness.dump] OBSERVED as water, Balmora, plugin: 368 volumes registered; 368 meshes taken in during arrival in 7.6 ms in all (20.6 us each); 0 volumes of the last stop removed in 0.0 ms
[harness.dump] step 29 of 71: as water: measure Balmora
[harness.dump] step 30 of 71: as water: report Balmora
[harness.dump] MEASURED as water, Balmora, seen from the air: frame 7.12 ms mean (141 per second), 11.95 ms max over 842 frames; simulation 1.998 ms mean, 5.693 ms max; engine query for the player 479 ns; 63 of 961 points 64 above the ground are in water; lookup from Lua 112 ns, 2683 of 20000 random points over or in water
[harness.dump] step 31 of 71: photograph: Balmora as water, from the air
[harness.dump] screenshot C:/tmp/pondwater/cities/2026-10-04 cities 05 Balmora 2 as water from the air.jpg
[harness.dump] step 32 of 71: set up: Balmora skyline
[harness.dump] step 33 of 71: photograph: Balmora skyline
[harness.dump] screenshot C:/tmp/pondwater/cities/2026-10-04 cities 06 Balmora 3 as water skyline.jpg
[harness.dump] step 34 of 71: set up: Balmora from the street
[harness.dump] step 35 of 71: photograph: Balmora from the street
[harness.dump] OBSERVED as water, Balmora, the player: at -20280 -12288 182, water surface there none, swimming false
[harness.dump] screenshot C:/tmp/pondwater/cities/2026-10-04 cities 07 Balmora 4 as water from the street.jpg
[harness.dump] step 36 of 71: set up: Balmora at sunset
[harness.dump] step 37 of 71: photograph: Balmora at sunset
[harness.dump] screenshot C:/tmp/pondwater/cities/2026-10-04 cities 08 Balmora 5 as water at sunset.jpg
[harness.dump] step 38 of 71: as water: travel to Vivec
[harness.dump] step 39 of 71: as water: the buildings of Vivec
[harness.dump] OBSERVED as water, Vivec: cell 3,-11 of 15 named cells; 357 buildings of 38 kinds, 2375 shapes, 209857 triangles; arriving took 484 ms; player on the top of a building at 28672 -86016 3236
[harness.dump] OBSERVED as water, Vivec, plugin: 357 volumes registered; 357 meshes taken in during arrival in 16.6 ms in all (46.6 us each); 368 volumes of the last stop removed in 0.5 ms
[harness.dump] step 40 of 71: as water: measure Vivec
[harness.dump] step 41 of 71: as water: report Vivec
[harness.dump] MEASURED as water, Vivec, seen from the air: frame 6.94 ms mean (144 per second), 11.99 ms max over 863 frames; simulation 1.508 ms mean, 3.909 ms max; engine query for the player 510 ns; 63 of 961 points 64 above the ground are in water; lookup from Lua 274 ns, 7324 of 20000 random points over or in water
[harness.dump] step 42 of 71: photograph: Vivec as water, from the air
[harness.dump] screenshot C:/tmp/pondwater/cities/2026-10-04 cities 09 Vivec 2 as water from the air.jpg
[harness.dump] step 43 of 71: set up: Vivec skyline
[harness.dump] step 44 of 71: photograph: Vivec skyline
[harness.dump] screenshot C:/tmp/pondwater/cities/2026-10-04 cities 10 Vivec 3 as water skyline.jpg
[harness.dump] step 45 of 71: set up: Vivec from the street
[harness.dump] step 46 of 71: photograph: Vivec from the street
[harness.dump] OBSERVED as water, Vivec, the player: at 28672 -86016 3258, water surface there 3236, swimming false
[harness.dump] screenshot C:/tmp/pondwater/cities/2026-10-04 cities 11 Vivec 4 as water from the street.jpg
[harness.dump] step 47 of 71: set up: Vivec at sunset
[harness.dump] step 48 of 71: photograph: Vivec at sunset
[harness.dump] screenshot C:/tmp/pondwater/cities/2026-10-04 cities 12 Vivec 5 as water at sunset.jpg
[harness.dump] step 49 of 71: as water: travel to Narsis
[harness.dump] step 50 of 71: as water: the buildings of Narsis
[harness.dump] OBSERVED as water, Narsis: cell 6,-51 of 9 named cells; 1374 buildings of 210 kinds, 5822 shapes, 549954 triangles; arriving took 583 ms; player on open ground at 53248 -413696 1680
[harness.dump] OBSERVED as water, Narsis, plugin: 1319 volumes registered; 1374 meshes taken in during arrival in 46.2 ms in all (33.6 us each); 357 volumes of the last stop removed in 0.5 ms
[harness.dump] step 51 of 71: as water: measure Narsis
[harness.dump] step 52 of 71: as water: report Narsis
[harness.dump] MEASURED as water, Narsis, seen from the air: frame 15.92 ms mean (63 per second), 34.34 ms max over 376 frames; simulation 7.193 ms mean, 12.442 ms max; engine query for the player 477 ns; 100 of 961 points 64 above the ground are in water; lookup from Lua 218 ns, 4478 of 20000 random points over or in water
[harness.dump] step 53 of 71: photograph: Narsis as water, from the air
[harness.dump] screenshot C:/tmp/pondwater/cities/2026-10-04 cities 13 Narsis 2 as water from the air.jpg
[harness.dump] step 54 of 71: set up: Narsis skyline
[harness.dump] step 55 of 71: photograph: Narsis skyline
[harness.dump] screenshot C:/tmp/pondwater/cities/2026-10-04 cities 14 Narsis 3 as water skyline.jpg
[harness.dump] step 56 of 71: set up: Narsis from the street
[harness.dump] step 57 of 71: photograph: Narsis from the street
[harness.dump] OBSERVED as water, Narsis, the player: at 53248 -413696 1682, water surface there none, swimming false
[harness.dump] screenshot C:/tmp/pondwater/cities/2026-10-04 cities 15 Narsis 4 as water from the street.jpg
[harness.dump] step 58 of 71: set up: Narsis at sunset
[harness.dump] step 59 of 71: photograph: Narsis at sunset
[harness.dump] screenshot C:/tmp/pondwater/cities/2026-10-04 cities 16 Narsis 5 as water at sunset.jpg
[harness.dump] step 60 of 71: as water: travel to Ald-ruhn
[harness.dump] step 61 of 71: as water: the buildings of Ald-ruhn
[harness.dump] OBSERVED as water, Ald-ruhn: cell -2,6 of 3 named cells; 214 buildings of 61 kinds, 845 shapes, 81142 triangles; arriving took 289 ms; player on open ground at -12288 53248 2320
[harness.dump] OBSERVED as water, Ald-ruhn, plugin: 202 volumes registered; 214 meshes taken in during arrival in 5.7 ms in all (26.5 us each); 1374 volumes of the last stop removed in 3.2 ms
[harness.dump] step 62 of 71: as water: measure Ald-ruhn
[harness.dump] step 63 of 71: as water: report Ald-ruhn
[harness.dump] MEASURED as water, Ald-ruhn, seen from the air: frame 7.67 ms mean (130 per second), 19.31 ms max over 782 frames; simulation 2.095 ms mean, 6.493 ms max; engine query for the player 471 ns; 17 of 961 points 64 above the ground are in water; lookup from Lua 117 ns, 1105 of 20000 random points over or in water
[harness.dump] step 64 of 71: photograph: Ald-ruhn as water, from the air
[harness.dump] screenshot C:/tmp/pondwater/cities/2026-10-04 cities 17 Ald-ruhn 2 as water from the air.jpg
[harness.dump] step 65 of 71: set up: Ald-ruhn skyline
[harness.dump] step 66 of 71: photograph: Ald-ruhn skyline
[harness.dump] screenshot C:/tmp/pondwater/cities/2026-10-04 cities 18 Ald-ruhn 3 as water skyline.jpg
[harness.dump] step 67 of 71: set up: Ald-ruhn from the street
[harness.dump] step 68 of 71: photograph: Ald-ruhn from the street
[harness.dump] OBSERVED as water, Ald-ruhn, the player: at -12288 53248 2322, water surface there none, swimming false
[harness.dump] screenshot C:/tmp/pondwater/cities/2026-10-04 cities 19 Ald-ruhn 4 as water from the street.jpg
[harness.dump] step 69 of 71: set up: Ald-ruhn at sunset
[harness.dump] step 70 of 71: photograph: Ald-ruhn at sunset
[harness.dump] screenshot C:/tmp/pondwater/cities/2026-10-04 cities 20 Ald-ruhn 5 as water at sunset.jpg
[harness.dump] step 71 of 71: clean up
[harness.dump] OBSERVED end: 202 volumes registered at the end
[harness.dump] DONE
