[harness.dump] magic effects resolved: 2808 spells, 13024 NPCs, 0 auto-calculated NPCs hold 0 spells, nothing applied
[harness.dump] loading save 'quiksave.ess'
[harness.dump] loaded, new game false, cell Vas
[harness.dump] water: god mode on at load; player at 5874 185035 990, health 13, swimming false
[harness.dump] water: 2 water pieces left in the save by earlier runs removed
[harness.dump] step 1 of 27: god mode on, player to the sea
[harness.dump] step 2 of 27: find open sea, place the raised water, pick a spell
[harness.dump] OBSERVED set up: sea floor -345 at the chosen place, 0 stale water pieces removed, spell fireball
[harness.dump] step 3 of 27: raised water: the water in use
[harness.dump] OBSERVED raised water: surface at the place: 250
[harness.dump] step 4 of 27: raised water: melee, player floating at the surface
[harness.dump] step 5 of 27: raised water: melee, fish and player
[harness.dump] step 6 of 27: raised water: melee, set the fish on the player
[harness.dump] step 7 of 27: raised water: melee result
[harness.dump] OBSERVED raised water melee: in 16 s the fish swung 7 times, 7 of them with the player as the target, and damaged the player 3 times for 7; player at height -120 relative to the surface after 2 placements, fish at -110
[harness.dump] step 8 of 27: raised water: spell downwards from above the water
[harness.dump] step 9 of 27: raised water: spell downwards from above the water, result
[harness.dump] OBSERVED raised water spell downwards from above the water: asked for 220 relative to the surface, cast from 215 after 1 placements, cast returned true: launched at height 557 heading -0.84 up; spellProjectileHitActor at height 554 heading -0.84 up on player; spellProjectileHitWater at height 250 heading -0.84 up; projectileExpire at height 254 heading -0.84 up
[harness.dump] step 10 of 27: raised water: spell upwards from under the water
[harness.dump] step 11 of 27: raised water: spell upwards from under the water, result
[harness.dump] OBSERVED raised water spell upwards from under the water: asked for -220 relative to the surface, cast from -220 after 1 placements, cast returned true: nothing was reported
[harness.dump] step 12 of 27: raised water: spell level under the water at a fish
[harness.dump] step 13 of 27: raised water: spell level under the water at a fish, result
[harness.dump] OBSERVED raised water spell level under the water at a fish: asked for -150 relative to the surface, cast from -150 after 1 placements, cast returned true: nothing was reported
[harness.dump] step 14 of 27: take the raised water away
[harness.dump] step 15 of 27: sea: the water in use
[harness.dump] OBSERVED sea: surface at the place: nil
[harness.dump] step 16 of 27: sea: melee, player floating at the surface
[harness.dump] step 17 of 27: sea: melee, fish and player
[harness.dump] step 18 of 27: sea: melee, set the fish on the player
[harness.dump] step 19 of 27: sea: melee result
[harness.dump] OBSERVED sea melee: in 16 s the fish swung 7 times, 7 of them with the player as the target, and damaged the player 4 times for 11; player at height -120 relative to the surface after 1 placements, fish at -109
[harness.dump] step 20 of 27: sea: spell downwards from above the water
[harness.dump] step 21 of 27: sea: spell downwards from above the water, result
[harness.dump] OBSERVED sea spell downwards from above the water: asked for 220 relative to the surface, cast from 218 after 3 placements, cast returned true: launched at height 311 heading -0.84 up; spellProjectileHitActor at height 308 heading -0.84 up on player; spellProjectileHitWater at height -4 heading -0.84 up; projectileExpire at height 1 heading -0.84 up
[harness.dump] step 22 of 27: sea: spell upwards from under the water
[harness.dump] step 23 of 27: sea: spell upwards from under the water, result
[harness.dump] OBSERVED sea spell upwards from under the water: asked for -220 relative to the surface, cast from -220 after 1 placements, cast returned true: nothing was reported
[harness.dump] step 24 of 27: sea: spell level under the water at a fish
[harness.dump] step 25 of 27: sea: spell level under the water at a fish, result
[harness.dump] OBSERVED sea spell level under the water at a fish: asked for -150 relative to the surface, cast from -150 after 1 placements, cast returned true: nothing was reported
[harness.dump] step 26 of 27: the raised water against the sea
[harness.dump] PASS a spell cast downwards from above the water ends the same way in both: raised water: launched at height 557 heading -0.84 up; spellProjectileHitActor at height 554 heading -0.84 up on player; spellProjectileHitWater at height 250 heading -0.84 up; projectileExpire at height 254 heading -0.84 up | sea: launched at height 311 heading -0.84 up; spellProjectileHitActor at height 308 heading -0.84 up on player; spellProjectileHitWater at height -4 heading -0.84 up; projectileExpire at height 1 heading -0.84 up
[harness.dump] PASS a spell cast upwards from under the water ends the same way in both: raised water: nothing was reported | sea: nothing was reported
[harness.dump] PASS a spell cast level under the water at a fish ends the same way in both: raised water: nothing was reported | sea: nothing was reported
[harness.dump] PASS a fish under the surface can bite the player in both: raised water: 7 swings, 3 hits | sea: 7 swings, 4 hits
[harness.dump] step 27 of 27: clean up
[harness.dump] DONE
