[harness.dump] magic effects resolved: 2808 spells, 13024 NPCs, 0 auto-calculated NPCs hold 0 spells, nothing applied
[harness.dump] loading save 'quiksave.ess'
[harness.dump] loaded, new game false, cell Vas
[harness.dump] water: god mode on at load; player at 5874 185035 990, health 13, swimming false
[harness.dump] water: 2 water pieces left in the save by earlier runs removed
[harness.dump] step 1 of 24: god mode on, player to the basin near Vas
[harness.dump] step 2 of 24: 60 actors on the land
[harness.dump] reference cost: 60 actors placed, kind of reference: plain; 0 volumes hold water
[harness.dump] step 3 of 24: measure: before, 1
[harness.dump] step 4 of 24: report: before, 1
[harness.dump] MEASURED before, 1: simulation mean 8.138 ms, median 7.058, 90th of 100 11.363, max 43.989 over 474 frames; frame mean 12.66 ms
[harness.dump] step 5 of 24: measure: before, 2
[harness.dump] step 6 of 24: report: before, 2
[harness.dump] MEASURED before, 2: simulation mean 8.584 ms, median 7.405, 90th of 100 12.576, max 29.344 over 450 frames; frame mean 13.34 ms
[harness.dump] step 7 of 24: place the references
[harness.dump] placed: 5000 references of wv_refcost_plain in 2711 ms; 0 more volumes hold water; plugin update 0.2 microseconds per call
[harness.dump] step 8 of 24: measure: after, 1
[harness.dump] step 9 of 24: report: after, 1
[harness.dump] MEASURED after, 1: simulation mean 11.601 ms, median 9.958, 90th of 100 15.646, max 66.999 over 357 frames; frame mean 16.81 ms
[harness.dump] step 10 of 24: measure: after, 2
[harness.dump] step 11 of 24: report: after, 2
[harness.dump] MEASURED after, 2: simulation mean 11.815 ms, median 10.162, 90th of 100 16.590, max 50.949 over 352 frames; frame mean 17.07 ms
[harness.dump] step 12 of 24: measure: after, 3
[harness.dump] step 13 of 24: report: after, 3
[harness.dump] MEASURED after, 3: simulation mean 12.167 ms, median 10.638, 90th of 100 15.780, max 46.347 over 342 frames; frame mean 17.56 ms
[harness.dump] step 14 of 24: measure: after, 4
[harness.dump] step 15 of 24: report: after, 4
[harness.dump] MEASURED after, 4: simulation mean 12.359 ms, median 10.705, 90th of 100 18.043, max 48.944 over 340 frames; frame mean 17.68 ms
[harness.dump] step 16 of 24: measure: after, 5
[harness.dump] step 17 of 24: report: after, 5
[harness.dump] MEASURED after, 5: simulation mean 12.081 ms, median 10.403, 90th of 100 16.278, max 67.302 over 348 frames; frame mean 17.28 ms
[harness.dump] step 18 of 24: the engine's own question
[harness.dump] MEASURED engine query: 394 ns
[harness.dump] step 19 of 24: delete the references
[harness.dump] step 20 of 24: measure: after the references are deleted, 1
[harness.dump] step 21 of 24: report: after the references are deleted, 1
[harness.dump] MEASURED after the references are deleted, 1: simulation mean 9.433 ms, median 8.019, 90th of 100 13.647, max 34.599 over 417 frames; frame mean 14.38 ms
[harness.dump] step 22 of 24: measure: after the references are deleted, 2
[harness.dump] step 23 of 24: report: after the references are deleted, 2
[harness.dump] MEASURED after the references are deleted, 2: simulation mean 9.461 ms, median 8.061, 90th of 100 14.254, max 30.006 over 412 frames; frame mean 14.58 ms
[harness.dump] step 24 of 24: clean up
[harness.dump] mesh file removed: true
[harness.dump] DONE
