[harness.dump] magic effects resolved: 2808 spells, 13024 NPCs, 0 auto-calculated NPCs hold 0 spells, nothing applied
[harness.dump] loading save 'quiksave.ess'
[harness.dump] loaded, new game false, cell Vas
[harness.dump] water: god mode on at load; player at 5874 185035 990, health 13, swimming false
[harness.dump] water: 2 water pieces left in the save by earlier runs removed
[harness.dump] step 1 of 24: god mode on, player to the basin near Vas
[harness.dump] step 2 of 24: 60 actors on the land
[harness.dump] reference cost: 60 actors placed, kind of reference: noswim; 0 volumes hold water
[harness.dump] step 3 of 24: measure: before, 1
[harness.dump] step 4 of 24: report: before, 1
[harness.dump] MEASURED before, 1: simulation mean 7.854 ms, median 6.920, 90th of 100 11.018, max 33.047 over 498 frames; frame mean 12.05 ms
[harness.dump] step 5 of 24: measure: before, 2
[harness.dump] step 6 of 24: report: before, 2
[harness.dump] MEASURED before, 2: simulation mean 8.172 ms, median 7.140, 90th of 100 11.217, max 51.785 over 481 frames; frame mean 12.48 ms
[harness.dump] step 7 of 24: place the references
[harness.dump] placed: 5000 references of wv_refcost_noswim in 2800 ms; 0 more volumes hold water; plugin update 20.5 microseconds per call
[harness.dump] step 8 of 24: measure: after, 1
[harness.dump] step 9 of 24: report: after, 1
[harness.dump] MEASURED after, 1: simulation mean 11.278 ms, median 9.886, 90th of 100 15.685, max 55.593 over 361 frames; frame mean 16.62 ms
[harness.dump] step 10 of 24: measure: after, 2
[harness.dump] step 11 of 24: report: after, 2
[harness.dump] MEASURED after, 2: simulation mean 11.719 ms, median 10.306, 90th of 100 15.869, max 53.437 over 352 frames; frame mean 17.08 ms
[harness.dump] step 12 of 24: measure: after, 3
[harness.dump] step 13 of 24: report: after, 3
[harness.dump] MEASURED after, 3: simulation mean 11.462 ms, median 10.183, 90th of 100 15.461, max 47.596 over 355 frames; frame mean 16.94 ms
[harness.dump] step 14 of 24: measure: after, 4
[harness.dump] step 15 of 24: report: after, 4
[harness.dump] MEASURED after, 4: simulation mean 11.618 ms, median 10.296, 90th of 100 15.246, max 63.959 over 352 frames; frame mean 17.09 ms
[harness.dump] step 16 of 24: measure: after, 5
[harness.dump] step 17 of 24: report: after, 5
[harness.dump] MEASURED after, 5: simulation mean 11.981 ms, median 10.556, 90th of 100 16.316, max 59.579 over 342 frames; frame mean 17.59 ms
[harness.dump] step 18 of 24: the engine's own question
[harness.dump] MEASURED engine query: 389 ns
[harness.dump] step 19 of 24: delete the references
[harness.dump] step 20 of 24: measure: after the references are deleted, 1
[harness.dump] step 21 of 24: report: after the references are deleted, 1
[harness.dump] MEASURED after the references are deleted, 1: simulation mean 9.158 ms, median 7.978, 90th of 100 13.214, max 39.858 over 430 frames; frame mean 13.95 ms
[harness.dump] step 22 of 24: measure: after the references are deleted, 2
[harness.dump] step 23 of 24: report: after the references are deleted, 2
[harness.dump] MEASURED after the references are deleted, 2: simulation mean 9.371 ms, median 8.154, 90th of 100 13.458, max 29.813 over 420 frames; frame mean 14.31 ms
[harness.dump] step 24 of 24: clean up
[harness.dump] mesh file removed: nil
[harness.dump] DONE
