[harness.dump] magic effects resolved: 2808 spells, 13024 NPCs, 0 auto-calculated NPCs hold 0 spells, nothing applied
[harness.dump] loading save 'quiksave.ess'
[harness.dump] loaded, new game false, cell Vas
[harness.dump] water: god mode on at load; player at 5874 185035 990, health 13, swimming false
[harness.dump] water: 2 water pieces left in the save by earlier runs removed
[harness.dump] step 1 of 24: god mode on, player to the basin near Vas
[harness.dump] step 2 of 24: 60 actors on the land
[harness.dump] reference cost: 60 actors placed, kind of reference: none; 0 volumes hold water
[harness.dump] step 3 of 24: measure: before, 1
[harness.dump] step 4 of 24: report: before, 1
[harness.dump] MEASURED before, 1: simulation mean 7.925 ms, median 6.955, 90th of 100 10.845, max 56.396 over 469 frames; frame mean 12.78 ms
[harness.dump] step 5 of 24: measure: before, 2
[harness.dump] step 6 of 24: report: before, 2
[harness.dump] MEASURED before, 2: simulation mean 8.697 ms, median 7.484, 90th of 100 11.870, max 41.399 over 432 frames; frame mean 13.90 ms
[harness.dump] step 7 of 24: place the references
[harness.dump] placed: nothing
[harness.dump] step 8 of 24: measure: after, 1
[harness.dump] step 9 of 24: report: after, 1
[harness.dump] MEASURED after, 1: simulation mean 9.089 ms, median 7.888, 90th of 100 13.440, max 31.740 over 415 frames; frame mean 14.47 ms
[harness.dump] step 10 of 24: measure: after, 2
[harness.dump] step 11 of 24: report: after, 2
[harness.dump] MEASURED after, 2: simulation mean 9.208 ms, median 8.026, 90th of 100 12.493, max 49.339 over 407 frames; frame mean 14.76 ms
[harness.dump] step 12 of 24: measure: after, 3
[harness.dump] step 13 of 24: report: after, 3
[harness.dump] MEASURED after, 3: simulation mean 8.913 ms, median 7.666, 90th of 100 12.491, max 32.280 over 420 frames; frame mean 14.31 ms
[harness.dump] step 14 of 24: measure: after, 4
[harness.dump] step 15 of 24: report: after, 4
[harness.dump] MEASURED after, 4: simulation mean 9.056 ms, median 7.845, 90th of 100 12.532, max 31.245 over 417 frames; frame mean 14.41 ms
[harness.dump] step 16 of 24: measure: after, 5
[harness.dump] step 17 of 24: report: after, 5
[harness.dump] MEASURED after, 5: simulation mean 9.142 ms, median 7.930, 90th of 100 13.007, max 53.244 over 417 frames; frame mean 14.39 ms
[harness.dump] step 18 of 24: the engine's own question
[harness.dump] MEASURED engine query: 389 ns
[harness.dump] step 19 of 24: delete the references
[harness.dump] step 20 of 24: measure: after the references are deleted, 1
[harness.dump] step 21 of 24: report: after the references are deleted, 1
[harness.dump] MEASURED after the references are deleted, 1: simulation mean 9.272 ms, median 7.947, 90th of 100 13.120, max 38.070 over 410 frames; frame mean 14.64 ms
[harness.dump] step 22 of 24: measure: after the references are deleted, 2
[harness.dump] step 23 of 24: report: after the references are deleted, 2
[harness.dump] MEASURED after the references are deleted, 2: simulation mean 9.339 ms, median 7.986, 90th of 100 13.779, max 36.702 over 416 frames; frame mean 14.45 ms
[harness.dump] step 24 of 24: clean up
[harness.dump] mesh file removed: nil
[harness.dump] DONE
