[harness.dump] magic effects resolved: 2808 spells, 13024 NPCs, 0 auto-calculated NPCs hold 0 spells, nothing applied
[harness.dump] loading save 'quiksave.ess'
[harness.dump] loaded, new game false, cell Vas
[harness.dump] water: god mode on at load; player at 5874 185035 990, health 13, swimming false
[harness.dump] water: 2 water pieces left in the save by earlier runs removed
[harness.dump] step 1 of 15: god mode on, clear noon, to the foyada
[harness.dump] step 2 of 15: the stream
[harness.dump] OBSERVED the place in the stream: wv_riv_512x1024 at 12800 28928: water at 1152, land under the middle 952 (200 deep), land under the west side 992 and under the east side 952: the sides of the water stand 160 and 200 above the land
[harness.dump] OBSERVED the sides of the stream: at 377 of 394 points on its two sides the land is more than 20 under the water: there the water has an open side with nothing to hold a swimmer in
[harness.dump] step 3 of 15: four slaughterfish in the middle of the stream
[harness.dump] step 4 of 15: what the fish in the stream did
[harness.dump] OBSERVED stream, fish, slaughterfish 1: in water at 3 of 60 looks, swimming flag at 60; first out of the water after 1.5 s at 13048 28808 983, 2 above the land, 255 from the middle of the stream (its side is at 256); moved 395 in all; at the end out of the water, 2 above the land, swimming true, in combat false, 255 from the middle of the stream (its side is at 256)
[harness.dump] OBSERVED stream, fish, slaughterfish 2: in water at 3 of 60 looks, swimming flag at 60; first out of the water after 1.5 s at 13034 28731 996, 2 above the land, 253 from the middle of the stream (its side is at 256); moved 352 in all; at the end out of the water, 2 above the land, swimming true, in combat false, 253 from the middle of the stream (its side is at 256)
[harness.dump] OBSERVED stream, fish, slaughterfish 3: in water at 4 of 60 looks, swimming flag at 60; first out of the water after 2.0 s at 12542 29242 990, 2 above the land, 406 from the middle of the stream (its side is at 256); moved 458 in all; at the end out of the water, 2 above the land, swimming true, in combat false, 406 from the middle of the stream (its side is at 256)
[harness.dump] OBSERVED stream, fish, slaughterfish 4: in water at 2 of 60 looks, swimming flag at 60; first out of the water after 1.0 s at 12541 28893 997, 2 above the land, 260 from the middle of the stream (its side is at 256); moved 304 in all; at the end out of the water, 2 above the land, swimming true, in combat false, 262 from the middle of the stream (its side is at 256)
[harness.dump] step 5 of 15: two rats on the land beside the stream, the player in the water
[harness.dump] OBSERVED stream, the player: at height 954, swimming true
[harness.dump] step 6 of 15: what the rats at the stream did
[harness.dump] OBSERVED stream, rat set on the swimming player, Rat 1: in water at 0 of 40 looks, swimming flag at 0; first out of the water after 0.0 s at 13326 28928 1013, 2 above the land, 526 from the middle of the stream (its side is at 256); moved 375 in all; at the end out of the water, 2 above the land, swimming false, in combat false, 357 from the middle of the stream (its side is at 256)
[harness.dump] OBSERVED stream, rat set on the swimming player, Rat 2: in water at 0 of 40 looks, swimming flag at 0; first out of the water after 0.0 s at 12280 28929 1069, 2 above the land, 520 from the middle of the stream (its side is at 256); moved 151 in all; at the end out of the water, 3 above the land, swimming false, in combat false, 434 from the middle of the stream (its side is at 256)
[harness.dump] step 7 of 15: to the sea near Vas
[harness.dump] step 8 of 15: find deep sea and a shore
[harness.dump] OBSERVED the sea: deep sea at 8460 188728, bed at -307; shore land at 9571 186976 64, water 700 away with its bed at -191
[harness.dump] step 9 of 15: four slaughterfish in the sea
[harness.dump] step 10 of 15: what the fish in the sea did
[harness.dump] OBSERVED sea, fish, slaughterfish 1: in water at 60 of 60 looks, swimming flag at 60; never left the water; moved 628 in all; at the end in water (sea), 36 under the surface, 532 above the land, swimming true, in combat false
[harness.dump] OBSERVED sea, fish, slaughterfish 2: in water at 60 of 60 looks, swimming flag at 60; never left the water; moved 1020 in all; at the end in water (sea), 36 under the surface, 662 above the land, swimming true, in combat false
[harness.dump] OBSERVED sea, fish, slaughterfish 3: in water at 60 of 60 looks, swimming flag at 60; never left the water; moved 243 in all; at the end in water (sea), 122 under the surface, 216 above the land, swimming true, in combat false
[harness.dump] OBSERVED sea, fish, slaughterfish 4: in water at 60 of 60 looks, swimming flag at 60; never left the water; moved 565 in all; at the end in water (sea), 36 under the surface, 62 above the land, swimming true, in combat false
[harness.dump] step 11 of 15: two rats on the shore, the player in the sea
[harness.dump] OBSERVED sea, the player: at height -189, swimming true
[harness.dump] step 12 of 15: what the rats at the sea did
[harness.dump] OBSERVED sea, rat set on the swimming player, Rat 1: in water at 0 of 40 looks, swimming flag at 0; first out of the water after 0.0 s at 9521 186976 88, 2 above the land; moved 20 in all; at the end out of the water, 2 above the land, swimming false, in combat false
[harness.dump] OBSERVED sea, rat set on the swimming player, Rat 2: in water at 0 of 40 looks, swimming flag at 0; first out of the water after 0.0 s at 9621 186976 38, 2 above the land; moved 18 in all; at the end out of the water, 2 above the land, swimming false, in combat false
[harness.dump] step 13 of 15: a pond in the basin near Vas
[harness.dump] step 14 of 15: four slaughterfish in the pond
[harness.dump] OBSERVED the pond: water at 620, bed at 453; at 22 of 36 points of its rim the land is more than 20 under the water
[harness.dump] step 15 of 15: what the fish in the pond did
[harness.dump] OBSERVED pond, fish, slaughterfish 1: in water at 60 of 60 looks, swimming flag at 60; never left the water; moved 374 in all; at the end in water (volume), 36 under the surface, 51 above the land, swimming true, in combat false, 272 from the middle of the pond (its rim is at 512)
[harness.dump] OBSERVED pond, fish, slaughterfish 2: in water at 4 of 60 looks, swimming flag at 60; first out of the water after 2.0 s at 6752 185892 431, 2 above the land, 513 from the middle of the pond (its rim is at 512); moved 502 in all; at the end out of the water, 2 above the land, swimming true, in combat false, 513 from the middle of the pond (its rim is at 512)
[harness.dump] OBSERVED pond, fish, slaughterfish 3: in water at 60 of 60 looks, swimming flag at 60; never left the water; moved 256 in all; at the end in water (volume), 52 under the surface, 58 above the land, swimming true, in combat false, 225 from the middle of the pond (its rim is at 512)
[harness.dump] OBSERVED pond, fish, slaughterfish 4: in water at 60 of 60 looks, swimming flag at 60; never left the water; moved 258 in all; at the end in water (volume), 36 under the surface, 35 above the land, swimming true, in combat false, 353 from the middle of the pond (its rim is at 512)
[harness.dump] DONE
